../Core/Src/main.c:73:6:ADC_Select_CH	32	static
../Core/Src/main.c:214:5:main	96	static
../Core/Src/main.c:327:6:SystemClock_Config	88	static
../Core/Src/main.c:369:13:MX_ADC1_Init	24	static
../Core/Src/main.c:421:13:MX_TIM2_Init	64	static
../Core/Src/main.c:480:13:MX_TIM3_Init	48	static
../Core/Src/main.c:534:13:MX_USART1_UART_Init	8	static
../Core/Src/main.c:567:13:MX_USART2_UART_Init	8	static
../Core/Src/main.c:600:13:MX_USART6_UART_Init	8	static
../Core/Src/main.c:633:13:MX_GPIO_Init	48	static
../Core/Src/main.c:708:6:DIGITS_Display	56	static
../Core/Src/main.c:803:6:Error_Handler	4	static,ignoring_inline_asm
