../Core/Src/main.c:99:6:ADC_Select_CH	32	static
../Core/Src/main.c:115:5:main	96	static
../Core/Src/main.c:524:6:SystemClock_Config	88	static
../Core/Src/main.c:566:13:MX_ADC1_Init	24	static
../Core/Src/main.c:618:13:MX_TIM2_Init	64	static
../Core/Src/main.c:677:13:MX_TIM3_Init	48	static
../Core/Src/main.c:731:13:MX_TIM5_Init	32	static
../Core/Src/main.c:776:13:MX_USART1_UART_Init	8	static
../Core/Src/main.c:809:13:MX_USART2_UART_Init	8	static
../Core/Src/main.c:842:13:MX_USART6_UART_Init	8	static
../Core/Src/main.c:875:13:MX_GPIO_Init	48	static
../Core/Src/main.c:941:6:HAL_UART_RxCpltCallback	16	static
../Core/Src/main.c:962:6:HAL_GPIO_EXTI_Callback	16	static
../Core/Src/main.c:967:6:DIGITS_Display	56	static
../Core/Src/main.c:1056:6:Set_Pipe	16	static
../Core/Src/main.c:1099:6:Set_Motor	16	static
../Core/Src/main.c:1132:6:Hourly_Report	16	static
../Core/Src/main.c:1141:6:HAL_TIM_PeriodElapsedCallback	16	static
../Core/Src/main.c:1167:6:Error_Handler	4	static,ignoring_inline_asm
